     1                                  ;------------------------------------------------------------------------
     2                                  	org	0x7e00
     3                                  
     4                                  
     5                                  IDT_SAVE		equ	0x0fe8	; 6byte idtr
     6                                  key_input_return	equ	0x20
     7                                  
     8                                  
     9                                  [BITS 16]
    10                                  
    11                                  ;;;	LGDT	[GDTR0]			; 暫定GDTを設定/
    12 00000000 0F20C0                  	mov	eax,cr0
    13 00000003 6683E0FE                	and	eax,0xfffffffe	;bit0(PEビット)を0にする（リアルモード移行のため）/
    14 00000007 0F22C0                  	mov	cr0,eax
    15                                  
    16 0000000A EB00                    	jmp	key_input_flash
    17                                  key_input_flash:
    18 0000000C B80000                  	mov	ax,0
    19 0000000F 8ED8                    	mov	ds,ax
    20 00000011 8EC0                    	mov	es,ax
    21                                  ;	mov	fs,ax
    22                                  ;	mov	gs,ax
    23 00000013 8ED0                    	mov	ss,ax
    24                                  
    25 00000015 E85600                  	CALL	waitkbdout
    26 00000018 B0D1                    	MOV	AL,0xd1
    27 0000001A E664                    	OUT	0x64,AL
    28 0000001C E84F00                  	CALL	waitkbdout
    29                                  ;;	MOV	AL,0xdf			; enable A20
    30 0000001F B0DD                    	mov	al,0xdd			; disable A20
    31 00000021 E660                    	OUT	0x60,AL
    32 00000023 E84800                  	CALL	waitkbdout
    33                                  
    34 00000026 EA[2B00]0000            	jmp	0:key_input_real
    35                                  key_input_real:
    36                                  
    37 0000002B 0F011EE80F              	lidt	[IDT_SAVE]		; idtr load
    38                                  	;************************* 16bit real mode code
    39 00000030 B421                    	mov	ah,0x21		;get key stroke
    40 00000032 CD16                    	int	0x16
    41                                  	;************************* 16bit real mode code
    42 00000034 50                      	push	ax		;al:ascii, ah:scan code
    43                                  
    44 00000035 E83600                  	CALL	waitkbdout
    45 00000038 B0D1                    	MOV		AL,0xd1
    46 0000003A E664                    	OUT		0x64,AL
    47 0000003C E82F00                  	CALL	waitkbdout
    48 0000003F B0DF                    	MOV		AL,0xdf			; enable A20
    49                                  ;;;	mov		al,0xdd			; disable A20
    50 00000041 E660                    	OUT		0x60,AL
    51 00000043 E82800                  	CALL	waitkbdout
    52                                  
    53                                  ;;;	LGDT	[GDTR0]			; 暫定GDTを設定
    54 00000046 0F20C0                  	MOV	EAX,CR0
    55 00000049 6625FFFFFF7F            	AND	EAX,0x7fffffff	; bit31を0にする（ページング禁止のため）/
    56 0000004F 6683C801                	OR	EAX,0x00000001	; bit0を1にする（プロテクトモード移行のため）/
    57 00000053 0F22C0                  	MOV	CR0,EAX
    58 00000056 EB00                    	JMP	key_flash
    59                                  key_flash:
    60 00000058 B80800                  	MOV	AX,1*8			;  読み書き可能セグメント32bit
    61 0000005B 8ED8                    	MOV	DS,AX
    62 0000005D 8EC0                    	MOV	ES,AX
    63 0000005F 8EE0                    	MOV	FS,AX
    64 00000061 8EE8                    	MOV	GS,AX
    65 00000063 8ED0                    	MOV	SS,AX
    66 00000065 58                      	pop	ax
    67                                  	
    68 00000066 66EA200000001000        	jmp	dword 2*8:key_input_return
    69                                  
    70                                  waitkbdout:
    71 0000006E E464                    		IN		 AL,0x64
    72 00000070 2402                    		AND		 AL,0x02
    73 00000072 E460                    		IN		 AL,0x60 		; から読み(受信バッファが悪さをしないように)/
    74 00000074 75F8                    		JNZ		waitkbdout		; ANDの結果が0でなければwaitkbdoutへ/
    75 00000076 C3                      		RET
    76                                  
    77                                  
    78                                  
    79                                  
    80                                  
    81 00000077 00<rept>                	times	0x200-($-$$)	db 0
